<SerializedMap class_id="0" tracking_level="0" version="0">
	<Continents>
		<count>5</count>
		<item_version>0</item_version>
		<item>C1</item>
		<item>C2</item>
		<item>C3</item>
		<item>C4</item>
		<item>C5</item>
	</Continents>
	<Countries>
		<count>23</count>
		<item_version>0</item_version>
		<item>1</item>
		<item>2</item>
		<item>3</item>
		<item>4</item>
		<item>5</item>
		<item>6</item>
		<item>7</item>
		<item>8</item>
		<item>9</item>
		<item>10</item>
		<item>11</item>
		<item>12</item>
		<item>13</item>
		<item>14</item>
		<item>15</item>
		<item>16</item>
		<item>17</item>
		<item>18</item>
		<item>19</item>
		<item>20</item>
		<item>21</item>
		<item>22</item>
		<item>23</item>
	</Countries>
	<CountryContinentMapping class_id="1" tracking_level="0" version="0">
		<count>23</count>
		<item_version>0</item_version>
		<item class_id="2" tracking_level="0" version="0">
			<first>1</first>
			<second>C1</second>
		</item>
		<item>
			<first>10</first>
			<second>C4</second>
		</item>
		<item>
			<first>11</first>
			<second>C4</second>
		</item>
		<item>
			<first>12</first>
			<second>C4</second>
		</item>
		<item>
			<first>13</first>
			<second>C4</second>
		</item>
		<item>
			<first>14</first>
			<second>C4</second>
		</item>
		<item>
			<first>15</first>
			<second>C5</second>
		</item>
		<item>
			<first>16</first>
			<second>C5</second>
		</item>
		<item>
			<first>17</first>
			<second>C5</second>
		</item>
		<item>
			<first>18</first>
			<second>C5</second>
		</item>
		<item>
			<first>19</first>
			<second>C5</second>
		</item>
		<item>
			<first>2</first>
			<second>C1</second>
		</item>
		<item>
			<first>20</first>
			<second>C5</second>
		</item>
		<item>
			<first>21</first>
			<second>C5</second>
		</item>
		<item>
			<first>22</first>
			<second>C5</second>
		</item>
		<item>
			<first>23</first>
			<second>C5</second>
		</item>
		<item>
			<first>3</first>
			<second>C2</second>
		</item>
		<item>
			<first>4</first>
			<second>C2</second>
		</item>
		<item>
			<first>5</first>
			<second>C3</second>
		</item>
		<item>
			<first>6</first>
			<second>C3</second>
		</item>
		<item>
			<first>7</first>
			<second>C3</second>
		</item>
		<item>
			<first>8</first>
			<second>C4</second>
		</item>
		<item>
			<first>9</first>
			<second>C4</second>
		</item>
	</CountryContinentMapping>
	<CountryConnections class_id="3" tracking_level="0" version="0">
		<count>36</count>
		<item_version>0</item_version>
		<item class_id="4" tracking_level="0" version="0">
			<first>1</first>
			<second>2</second>
		</item>
		<item>
			<first>3</first>
			<second>4</second>
		</item>
		<item>
			<first>5</first>
			<second>6</second>
		</item>
		<item>
			<first>6</first>
			<second>7</second>
		</item>
		<item>
			<first>8</first>
			<second>9</second>
		</item>
		<item>
			<first>8</first>
			<second>10</second>
		</item>
		<item>
			<first>8</first>
			<second>11</second>
		</item>
		<item>
			<first>9</first>
			<second>11</second>
		</item>
		<item>
			<first>10</first>
			<second>11</second>
		</item>
		<item>
			<first>10</first>
			<second>12</second>
		</item>
		<item>
			<first>10</first>
			<second>13</second>
		</item>
		<item>
			<first>11</first>
			<second>13</second>
		</item>
		<item>
			<first>11</first>
			<second>14</second>
		</item>
		<item>
			<first>12</first>
			<second>13</second>
		</item>
		<item>
			<first>13</first>
			<second>14</second>
		</item>
		<item>
			<first>15</first>
			<second>16</second>
		</item>
		<item>
			<first>16</first>
			<second>17</second>
		</item>
		<item>
			<first>16</first>
			<second>19</second>
		</item>
		<item>
			<first>16</first>
			<second>20</second>
		</item>
		<item>
			<first>17</first>
			<second>18</second>
		</item>
		<item>
			<first>17</first>
			<second>20</second>
		</item>
		<item>
			<first>17</first>
			<second>23</second>
		</item>
		<item>
			<first>19</first>
			<second>20</second>
		</item>
		<item>
			<first>19</first>
			<second>21</second>
		</item>
		<item>
			<first>20</first>
			<second>21</second>
		</item>
		<item>
			<first>20</first>
			<second>22</second>
		</item>
		<item>
			<first>20</first>
			<second>23</second>
		</item>
		<item>
			<first>21</first>
			<second>22</second>
		</item>
		<item>
			<first>22</first>
			<second>23</second>
		</item>
		<item>
			<first>1</first>
			<second>8</second>
		</item>
		<item>
			<first>2</first>
			<second>3</second>
		</item>
		<item>
			<first>4</first>
			<second>5</second>
		</item>
		<item>
			<first>4</first>
			<second>15</second>
		</item>
		<item>
			<first>7</first>
			<second>18</second>
		</item>
		<item>
			<first>9</first>
			<second>15</second>
		</item>
		<item>
			<first>14</first>
			<second>19</second>
		</item>
	</CountryConnections>
</SerializedMap>

