<SerializedMap class_id="0" tracking_level="0" version="0">
	<StartingCountryID>13</StartingCountryID>
	<Continents class_id="1" tracking_level="0" version="0">
		<count>4</count>
		<item_version>0</item_version>
		<item>C1</item>
		<item>C2</item>
		<item>C3</item>
		<item>C4</item>
	</Continents>
	<Countries>
		<count>25</count>
		<item_version>0</item_version>
		<item>1</item>
		<item>2</item>
		<item>3</item>
		<item>4</item>
		<item>5</item>
		<item>6</item>
		<item>7</item>
		<item>8</item>
		<item>9</item>
		<item>10</item>
		<item>11</item>
		<item>12</item>
		<item>13</item>
		<item>14</item>
		<item>15</item>
		<item>16</item>
		<item>17</item>
		<item>18</item>
		<item>19</item>
		<item>20</item>
		<item>21</item>
		<item>22</item>
		<item>23</item>
		<item>24</item>
		<item>25</item>
	</Countries>
	<CountryContinentMapping class_id="2" tracking_level="0" version="0">
		<count>25</count>
		<item_version>0</item_version>
		<item class_id="3" tracking_level="0" version="0">
			<first>1</first>
			<second>C1</second>
		</item>
		<item>
			<first>10</first>
			<second>C3</second>
		</item>
		<item>
			<first>11</first>
			<second>C3</second>
		</item>
		<item>
			<first>12</first>
			<second>C3</second>
		</item>
		<item>
			<first>13</first>
			<second>C3</second>
		</item>
		<item>
			<first>14</first>
			<second>C3</second>
		</item>
		<item>
			<first>15</first>
			<second>C3</second>
		</item>
		<item>
			<first>16</first>
			<second>C3</second>
		</item>
		<item>
			<first>17</first>
			<second>C3</second>
		</item>
		<item>
			<first>18</first>
			<second>C3</second>
		</item>
		<item>
			<first>19</first>
			<second>C3</second>
		</item>
		<item>
			<first>2</first>
			<second>C1</second>
		</item>
		<item>
			<first>20</first>
			<second>C3</second>
		</item>
		<item>
			<first>21</first>
			<second>C3</second>
		</item>
		<item>
			<first>22</first>
			<second>C3</second>
		</item>
		<item>
			<first>23</first>
			<second>C4</second>
		</item>
		<item>
			<first>24</first>
			<second>C4</second>
		</item>
		<item>
			<first>25</first>
			<second>C4</second>
		</item>
		<item>
			<first>3</first>
			<second>C1</second>
		</item>
		<item>
			<first>4</first>
			<second>C1</second>
		</item>
		<item>
			<first>5</first>
			<second>C1</second>
		</item>
		<item>
			<first>6</first>
			<second>C1</second>
		</item>
		<item>
			<first>7</first>
			<second>C1</second>
		</item>
		<item>
			<first>8</first>
			<second>C2</second>
		</item>
		<item>
			<first>9</first>
			<second>C2</second>
		</item>
	</CountryContinentMapping>
	<CountryConnections class_id="4" tracking_level="0" version="0">
		<count>37</count>
		<item_version>0</item_version>
		<item class_id="5" tracking_level="0" version="0">
			<C1>1</C1>
			<C2>2</C2>
			<IsWaterConnection>0</IsWaterConnection>
		</item>
		<item>
			<C1>1</C1>
			<C2>3</C2>
			<IsWaterConnection>0</IsWaterConnection>
		</item>
		<item>
			<C1>1</C1>
			<C2>4</C2>
			<IsWaterConnection>0</IsWaterConnection>
		</item>
		<item>
			<C1>2</C1>
			<C2>4</C2>
			<IsWaterConnection>0</IsWaterConnection>
		</item>
		<item>
			<C1>3</C1>
			<C2>4</C2>
			<IsWaterConnection>0</IsWaterConnection>
		</item>
		<item>
			<C1>3</C1>
			<C2>5</C2>
			<IsWaterConnection>0</IsWaterConnection>
		</item>
		<item>
			<C1>3</C1>
			<C2>6</C2>
			<IsWaterConnection>0</IsWaterConnection>
		</item>
		<item>
			<C1>4</C1>
			<C2>6</C2>
			<IsWaterConnection>0</IsWaterConnection>
		</item>
		<item>
			<C1>5</C1>
			<C2>7</C2>
			<IsWaterConnection>0</IsWaterConnection>
		</item>
		<item>
			<C1>8</C1>
			<C2>9</C2>
			<IsWaterConnection>0</IsWaterConnection>
		</item>
		<item>
			<C1>10</C1>
			<C2>11</C2>
			<IsWaterConnection>0</IsWaterConnection>
		</item>
		<item>
			<C1>11</C1>
			<C2>13</C2>
			<IsWaterConnection>0</IsWaterConnection>
		</item>
		<item>
			<C1>11</C1>
			<C2>14</C2>
			<IsWaterConnection>0</IsWaterConnection>
		</item>
		<item>
			<C1>12</C1>
			<C2>13</C2>
			<IsWaterConnection>0</IsWaterConnection>
		</item>
		<item>
			<C1>12</C1>
			<C2>19</C2>
			<IsWaterConnection>0</IsWaterConnection>
		</item>
		<item>
			<C1>13</C1>
			<C2>14</C2>
			<IsWaterConnection>0</IsWaterConnection>
		</item>
		<item>
			<C1>13</C1>
			<C2>15</C2>
			<IsWaterConnection>0</IsWaterConnection>
		</item>
		<item>
			<C1>13</C1>
			<C2>19</C2>
			<IsWaterConnection>0</IsWaterConnection>
		</item>
		<item>
			<C1>13</C1>
			<C2>20</C2>
			<IsWaterConnection>0</IsWaterConnection>
		</item>
		<item>
			<C1>14</C1>
			<C2>15</C2>
			<IsWaterConnection>0</IsWaterConnection>
		</item>
		<item>
			<C1>15</C1>
			<C2>16</C2>
			<IsWaterConnection>0</IsWaterConnection>
		</item>
		<item>
			<C1>15</C1>
			<C2>20</C2>
			<IsWaterConnection>0</IsWaterConnection>
		</item>
		<item>
			<C1>16</C1>
			<C2>17</C2>
			<IsWaterConnection>0</IsWaterConnection>
		</item>
		<item>
			<C1>17</C1>
			<C2>18</C2>
			<IsWaterConnection>0</IsWaterConnection>
		</item>
		<item>
			<C1>19</C1>
			<C2>20</C2>
			<IsWaterConnection>0</IsWaterConnection>
		</item>
		<item>
			<C1>19</C1>
			<C2>21</C2>
			<IsWaterConnection>0</IsWaterConnection>
		</item>
		<item>
			<C1>20</C1>
			<C2>21</C2>
			<IsWaterConnection>0</IsWaterConnection>
		</item>
		<item>
			<C1>20</C1>
			<C2>22</C2>
			<IsWaterConnection>0</IsWaterConnection>
		</item>
		<item>
			<C1>23</C1>
			<C2>24</C2>
			<IsWaterConnection>0</IsWaterConnection>
		</item>
		<item>
			<C1>24</C1>
			<C2>25</C2>
			<IsWaterConnection>0</IsWaterConnection>
		</item>
		<item>
			<C1>2</C1>
			<C2>10</C2>
			<IsWaterConnection>1</IsWaterConnection>
		</item>
		<item>
			<C1>6</C1>
			<C2>12</C2>
			<IsWaterConnection>1</IsWaterConnection>
		</item>
		<item>
			<C1>7</C1>
			<C2>8</C2>
			<IsWaterConnection>1</IsWaterConnection>
		</item>
		<item>
			<C1>9</C1>
			<C2>19</C2>
			<IsWaterConnection>1</IsWaterConnection>
		</item>
		<item>
			<C1>10</C1>
			<C2>18</C2>
			<IsWaterConnection>1</IsWaterConnection>
		</item>
		<item>
			<C1>16</C1>
			<C2>25</C2>
			<IsWaterConnection>1</IsWaterConnection>
		</item>
		<item>
			<C1>21</C1>
			<C2>23</C2>
			<IsWaterConnection>1</IsWaterConnection>
		</item>
	</CountryConnections>
</SerializedMap>

